// Jest Snapshot v1, https://goo.gl/fbAQLP

exports[`EnquiryList Component Snapshot EnquiryList 1`] = `
<div>
  <div />
</div>
`;
